// Jest Snapshot v1, https://goo.gl/fbAQLP

exports[`AboutVue Component should match snapshot  1`] = `<h1>About</h1>`;
